This file contains any messages produced by compilers while
running configure, to aid debugging if configure makes a mistake.

It was created by libjpeg configure 9.6.0, which was
generated by GNU Autoconf 2.72.  Invocation command line was

  $ ../configure --enable-shared=no CPPFLAGS=-O3 CFLAGS=-O3

## --------- ##
## Platform. ##
## --------- ##

hostname = stepan
uname -m = x86_64
uname -r = 6.8.0-85-generic
uname -s = Linux
uname -v = #85-Ubuntu SMP PREEMPT_DYNAMIC Thu Sep 18 15:26:59 UTC 2025

/usr/bin/uname -p = x86_64
/bin/uname -X     = unknown

/bin/arch              = x86_64
/usr/bin/arch -k       = unknown
/usr/convex/getsysinfo = unknown
/usr/bin/hostinfo      = unknown
/bin/machine           = unknown
/usr/bin/oslevel       = unknown
/bin/universe          = unknown

PATH: /media/stepan/E6C635BBC6358CB5/Qt/Tools/QtCreator/bin/
PATH: /media/stepan/E6C635BBC6358CB5/Qt/6.5.0/gcc_64/bin/
PATH: /media/stepan/E6C635BBC6358CB5/Qt/Tools/QtCreator/bin/
PATH: /media/stepan/E6C635BBC6358CB5/Qt/6.5.0/gcc_64/bin/
PATH: /home/stepan/bin/
PATH: /home/stepan/.local/bin/
PATH: /usr/local/sbin/
PATH: /usr/local/bin/
PATH: /usr/sbin/
PATH: /usr/bin/
PATH: /sbin/
PATH: /bin/
PATH: /usr/games/
PATH: /usr/local/games/
PATH: /snap/bin/
PATH: /snap/bin/


## ----------- ##
## Core tests. ##
## ----------- ##

configure:2478: looking for aux files: ltmain.sh ar-lib compile missing install-sh config.guess config.sub
configure:2491:  trying .././
configure:2520:   .././ltmain.sh found
configure:2520:   .././ar-lib found
configure:2520:   .././compile found
configure:2520:   .././missing found
configure:2502:   .././install-sh found
configure:2520:   .././config.guess found
configure:2520:   .././config.sub found
configure:2651: checking build system type
configure:2667: result: x86_64-pc-linux-gnu
configure:2687: checking host system type
configure:2702: result: x86_64-pc-linux-gnu
configure:2722: checking target system type
configure:2737: result: x86_64-pc-linux-gnu
configure:2783: checking for a BSD-compatible install
configure:2857: result: /usr/bin/install -c
configure:2868: checking whether build environment is sane
configure:2923: result: yes
configure:3084: checking for a race-free mkdir -p
configure:3127: result: /usr/bin/mkdir -p
configure:3134: checking for gawk
configure:3155: found /usr/bin/gawk
configure:3167: result: gawk
configure:3178: checking whether make sets $(MAKE)
configure:3202: result: yes
configure:3232: checking whether make supports nested variables
configure:3251: result: yes
configure:3403: checking whether make supports nested variables
configure:3422: result: yes
configure:3438: checking whether to enable maintainer-specific portions of Makefiles
configure:3449: result: no
configure:3527: checking for gcc
configure:3548: found /usr/bin/gcc
configure:3560: result: gcc
configure:3919: checking for C compiler version
configure:3928: gcc --version >&5
gcc (Ubuntu 13.3.0-6ubuntu2~24.04) 13.3.0
Copyright (C) 2023 Free Software Foundation, Inc.
This is free software; see the source for copying conditions.  There is NO
warranty; not even for MERCHANTABILITY or FITNESS FOR A PARTICULAR PURPOSE.

configure:3939: $? = 0
configure:3928: gcc -v >&5
Using built-in specs.
COLLECT_GCC=gcc
COLLECT_LTO_WRAPPER=/usr/libexec/gcc/x86_64-linux-gnu/13/lto-wrapper
OFFLOAD_TARGET_NAMES=nvptx-none:amdgcn-amdhsa
OFFLOAD_TARGET_DEFAULT=1
Target: x86_64-linux-gnu
Configured with: ../src/configure -v --with-pkgversion='Ubuntu 13.3.0-6ubuntu2~24.04' --with-bugurl=file:///usr/share/doc/gcc-13/README.Bugs --enable-languages=c,ada,c++,go,d,fortran,objc,obj-c++,m2 --prefix=/usr --with-gcc-major-version-only --program-suffix=-13 --program-prefix=x86_64-linux-gnu- --enable-shared --enable-linker-build-id --libexecdir=/usr/libexec --without-included-gettext --enable-threads=posix --libdir=/usr/lib --enable-nls --enable-bootstrap --enable-clocale=gnu --enable-libstdcxx-debug --enable-libstdcxx-time=yes --with-default-libstdcxx-abi=new --enable-libstdcxx-backtrace --enable-gnu-unique-object --disable-vtable-verify --enable-plugin --enable-default-pie --with-system-zlib --enable-libphobos-checking=release --with-target-system-zlib=auto --enable-objc-gc=auto --enable-multiarch --disable-werror --enable-cet --with-arch-32=i686 --with-abi=m64 --with-multilib-list=m32,m64,mx32 --enable-multilib --with-tune=generic --enable-offload-targets=nvptx-none=/build/gcc-13-fG75Ri/gcc-13-13.3.0/debian/tmp-nvptx/usr,amdgcn-amdhsa=/build/gcc-13-fG75Ri/gcc-13-13.3.0/debian/tmp-gcn/usr --enable-offload-defaulted --without-cuda-driver --enable-checking=release --build=x86_64-linux-gnu --host=x86_64-linux-gnu --target=x86_64-linux-gnu --with-build-config=bootstrap-lto-lean --enable-link-serialization=2
Thread model: posix
Supported LTO compression algorithms: zlib zstd
gcc version 13.3.0 (Ubuntu 13.3.0-6ubuntu2~24.04) 
... rest of stderr output deleted ...
configure:3939: $? = 0
configure:3928: gcc -V >&5
gcc: error: unrecognized command-line option '-V'
gcc: fatal error: no input files
compilation terminated.
configure:3939: $? = 1
configure:3928: gcc -qversion >&5
gcc: error: unrecognized command-line option '-qversion'; did you mean '--version'?
gcc: fatal error: no input files
compilation terminated.
configure:3939: $? = 1
configure:3928: gcc -version >&5
gcc: error: unrecognized command-line option '-version'
gcc: fatal error: no input files
compilation terminated.
configure:3939: $? = 1
configure:3959: checking whether the C compiler works
configure:3981: gcc -O3 -O3  conftest.c  >&5
configure:3985: $? = 0
configure:4036: result: yes
configure:4040: checking for C compiler default output file name
configure:4042: result: a.out
configure:4048: checking for suffix of executables
configure:4055: gcc -o conftest -O3 -O3  conftest.c  >&5
configure:4059: $? = 0
configure:4083: result: 
configure:4107: checking whether we are cross compiling
configure:4115: gcc -o conftest -O3 -O3  conftest.c  >&5
configure:4119: $? = 0
configure:4126: ./conftest
configure:4130: $? = 0
configure:4145: result: no
configure:4151: checking for suffix of object files
configure:4174: gcc -c -O3 -O3 conftest.c >&5
configure:4178: $? = 0
configure:4202: result: o
configure:4206: checking whether the compiler supports GNU C
configure:4226: gcc -c -O3 -O3 conftest.c >&5
configure:4226: $? = 0
configure:4238: result: yes
configure:4249: checking whether gcc accepts -g
configure:4270: gcc -c -g -O3 conftest.c >&5
configure:4270: $? = 0
configure:4317: result: yes
configure:4337: checking for gcc option to enable C11 features
configure:4352: gcc  -c -O3 -O3 conftest.c >&5
configure:4352: $? = 0
configure:4371: result: none needed
configure:4495: checking whether gcc understands -c and -o together
configure:4518: gcc -c conftest.c -o conftest2.o
configure:4521: $? = 0
configure:4518: gcc -c conftest.c -o conftest2.o
configure:4521: $? = 0
configure:4534: result: yes
configure:4554: checking whether make supports the include directive
configure:4569: make -f confmf.GNU && cat confinc.out
this is the am__doit target
configure:4572: $? = 0
configure:4591: result: yes (GNU style)
configure:4617: checking dependency style of gcc
configure:4730: result: gcc3
configure:4750: checking how to run the C preprocessor
configure:4776: gcc -E -O3 conftest.c
configure:4776: $? = 0
configure:4792: gcc -E -O3 conftest.c
conftest.c:11:10: fatal error: ac_nonexistent.h: No such file or directory
   11 | #include <ac_nonexistent.h>
      |          ^~~~~~~~~~~~~~~~~~
compilation terminated.
configure:4792: $? = 1
configure: failed program was:
| /* confdefs.h */
| #define PACKAGE_NAME "libjpeg"
| #define PACKAGE_TARNAME "libjpeg"
| #define PACKAGE_VERSION "9.6.0"
| #define PACKAGE_STRING "libjpeg 9.6.0"
| #define PACKAGE_BUGREPORT ""
| #define PACKAGE_URL ""
| #define PACKAGE "libjpeg"
| #define VERSION "9.6.0"
| /* end confdefs.h.  */
| #include <ac_nonexistent.h>
configure:4821: result: gcc -E
configure:4835: gcc -E -O3 conftest.c
configure:4835: $? = 0
configure:4851: gcc -E -O3 conftest.c
conftest.c:11:10: fatal error: ac_nonexistent.h: No such file or directory
   11 | #include <ac_nonexistent.h>
      |          ^~~~~~~~~~~~~~~~~~
compilation terminated.
configure:4851: $? = 1
configure: failed program was:
| /* confdefs.h */
| #define PACKAGE_NAME "libjpeg"
| #define PACKAGE_TARNAME "libjpeg"
| #define PACKAGE_VERSION "9.6.0"
| #define PACKAGE_STRING "libjpeg 9.6.0"
| #define PACKAGE_BUGREPORT ""
| #define PACKAGE_URL ""
| #define PACKAGE "libjpeg"
| #define VERSION "9.6.0"
| /* end confdefs.h.  */
| #include <ac_nonexistent.h>
configure:4884: checking whether make sets $(MAKE)
configure:4908: result: yes
configure:4917: checking whether ln -s works
configure:4924: result: no, using cp -pR
configure:4928: checking for grep that handles long lines and -e
configure:4994: result: /usr/bin/grep
configure:4999: checking for egrep
configure:5069: result: /usr/bin/grep -E
configure:5133: checking for ar
configure:5154: found /usr/bin/ar
configure:5166: result: ar
configure:5192: checking the archiver (ar) interface
configure:5209: gcc -c -O3 -O3 conftest.c >&5
configure:5209: $? = 0
configure:5212: ar cru libconftest.a conftest.o >&5
ar: `u' modifier ignored since `D' is the default (see `U')
configure:5215: $? = 0
configure:5244: result: ar
configure:5274: checking if LD -Wl,--version-script works
configure:5298: gcc -o conftest -O3 -O3  -Wl,--version-script=conftest.map conftest.c  >&5
configure:5298: $? = 0
configure:5309: result: yes
configure:5322: checking for function prototypes
configure:5343: gcc -c -O3 -O3 conftest.c >&5
configure:5343: $? = 0
configure:5354: result: yes
configure:5378: checking for stdio.h
configure:5378: gcc -c -O3 -O3 conftest.c >&5
configure:5378: $? = 0
configure:5378: result: yes
configure:5378: checking for stdlib.h
configure:5378: gcc -c -O3 -O3 conftest.c >&5
configure:5378: $? = 0
configure:5378: result: yes
configure:5378: checking for string.h
configure:5378: gcc -c -O3 -O3 conftest.c >&5
configure:5378: $? = 0
configure:5378: result: yes
configure:5378: checking for inttypes.h
configure:5378: gcc -c -O3 -O3 conftest.c >&5
configure:5378: $? = 0
configure:5378: result: yes
configure:5378: checking for stdint.h
configure:5378: gcc -c -O3 -O3 conftest.c >&5
configure:5378: $? = 0
configure:5378: result: yes
configure:5378: checking for strings.h
configure:5378: gcc -c -O3 -O3 conftest.c >&5
configure:5378: $? = 0
configure:5378: result: yes
configure:5378: checking for sys/stat.h
configure:5378: gcc -c -O3 -O3 conftest.c >&5
configure:5378: $? = 0
configure:5378: result: yes
configure:5378: checking for sys/types.h
configure:5378: gcc -c -O3 -O3 conftest.c >&5
configure:5378: $? = 0
configure:5378: result: yes
configure:5378: checking for unistd.h
configure:5378: gcc -c -O3 -O3 conftest.c >&5
configure:5378: $? = 0
configure:5378: result: yes
configure:5403: checking for stddef.h
configure:5403: gcc -c -O3 -O3 conftest.c >&5
configure:5403: $? = 0
configure:5403: result: yes
configure:5409: checking for stdlib.h
configure:5409: result: yes
configure:5415: checking for locale.h
configure:5415: gcc -c -O3 -O3 conftest.c >&5
configure:5415: $? = 0
configure:5415: result: yes
configure:5422: checking for string.h
configure:5422: result: yes
configure:5436: checking for size_t
configure:5463: gcc -c -O3 -O3 conftest.c >&5
configure:5463: $? = 0
configure:5471: result: yes
configure:5645: checking for type unsigned char
configure:5658: gcc -c -O3 -O3 conftest.c >&5
configure:5658: $? = 0
configure:5660: result: yes
configure:5672: checking for type unsigned short
configure:5685: gcc -c -O3 -O3 conftest.c >&5
configure:5685: $? = 0
configure:5687: result: yes
configure:5699: checking for type void
configure:5733: gcc -c -O3 -O3 conftest.c >&5
configure:5733: $? = 0
configure:5735: result: yes
configure:5746: checking for an ANSI C-conforming const
configure:5813: gcc -c -O3 -O3 conftest.c >&5
configure:5813: $? = 0
configure:5823: result: yes
configure:5833: checking for inline
configure:5848: gcc -c -O3 -O3 conftest.c >&5
configure:5848: $? = 0
configure:5891: result: __inline__
configure:5898: checking for broken incomplete types
configure:5913: gcc -c -O3 -O3 conftest.c >&5
configure:5913: $? = 0
configure:5915: result: ok
configure:5928: checking for short external names
configure:5944: gcc -o conftest -O3 -O3  conftest.c  >&5
configure:5944: $? = 0
configure:5946: result: ok
configure:5960: checking to see if char is signed
configure:5998: gcc -o conftest -O3 -O3  conftest.c  >&5
configure:5998: $? = 0
configure:5998: ./conftest
configure:5998: $? = 1
configure: program exited with status 1
configure: failed program was:
| /* confdefs.h */
| #define PACKAGE_NAME "libjpeg"
| #define PACKAGE_TARNAME "libjpeg"
| #define PACKAGE_VERSION "9.6.0"
| #define PACKAGE_STRING "libjpeg 9.6.0"
| #define PACKAGE_BUGREPORT ""
| #define PACKAGE_URL ""
| #define PACKAGE "libjpeg"
| #define VERSION "9.6.0"
| #define HAVE_PROTOTYPES 1
| #define HAVE_STDIO_H 1
| #define HAVE_STDLIB_H 1
| #define HAVE_STRING_H 1
| #define HAVE_INTTYPES_H 1
| #define HAVE_STDINT_H 1
| #define HAVE_STRINGS_H 1
| #define HAVE_SYS_STAT_H 1
| #define HAVE_SYS_TYPES_H 1
| #define HAVE_UNISTD_H 1
| #define STDC_HEADERS 1
| #define HAVE_STDDEF_H 1
| #define HAVE_STDLIB_H 1
| #define HAVE_LOCALE_H 1
| #define HAVE_UNSIGNED_CHAR 1
| #define HAVE_UNSIGNED_SHORT 1
| #define INLINE __inline__
| /* end confdefs.h.  */
| 
| #ifdef HAVE_STDLIB_H
| #include <stdlib.h>
| #endif
| #include <stdio.h>
| #ifdef HAVE_PROTOTYPES
| int is_char_signed (int arg)
| #else
| int is_char_signed (arg)
|      int arg;
| #endif
| {
|   if (arg == 189) {		/* expected result for unsigned char */
|     return 0;			/* type char is unsigned */
|   }
|   else if (arg != -67) {	/* expected result for signed char */
|     printf("Hmm, it seems 'char' is not eight bits wide on your machine.\n");
|     printf("I fear the JPEG software will not work at all.\n\n");
|   }
|   return 1;			/* assume char is signed otherwise */
| }
| char signed_char_check = (char) (-67);
| int main() {
|   exit(is_char_signed((int) signed_char_check));
| }
configure:6006: result: yes
configure:6016: checking to see if right shift is signed
configure:6057: gcc -o conftest -O3 -O3  conftest.c  >&5
configure:6057: $? = 0
configure:6057: ./conftest
configure:6057: $? = 1
configure: program exited with status 1
configure: failed program was:
| /* confdefs.h */
| #define PACKAGE_NAME "libjpeg"
| #define PACKAGE_TARNAME "libjpeg"
| #define PACKAGE_VERSION "9.6.0"
| #define PACKAGE_STRING "libjpeg 9.6.0"
| #define PACKAGE_BUGREPORT ""
| #define PACKAGE_URL ""
| #define PACKAGE "libjpeg"
| #define VERSION "9.6.0"
| #define HAVE_PROTOTYPES 1
| #define HAVE_STDIO_H 1
| #define HAVE_STDLIB_H 1
| #define HAVE_STRING_H 1
| #define HAVE_INTTYPES_H 1
| #define HAVE_STDINT_H 1
| #define HAVE_STRINGS_H 1
| #define HAVE_SYS_STAT_H 1
| #define HAVE_SYS_TYPES_H 1
| #define HAVE_UNISTD_H 1
| #define STDC_HEADERS 1
| #define HAVE_STDDEF_H 1
| #define HAVE_STDLIB_H 1
| #define HAVE_LOCALE_H 1
| #define HAVE_UNSIGNED_CHAR 1
| #define HAVE_UNSIGNED_SHORT 1
| #define INLINE __inline__
| /* end confdefs.h.  */
| 
| #ifdef HAVE_STDLIB_H
| #include <stdlib.h>
| #endif
| #include <stdio.h>
| #ifdef HAVE_PROTOTYPES
| int is_shifting_signed (long arg)
| #else
| int is_shifting_signed (arg)
|     long arg;
| #endif
| /* See whether right-shift on a long is signed or not. */
| {
|   long res = arg >> 4;
| 
|   if (res == -0x7F7E80CL) {	/* expected result for signed shift */
|     return 1;			/* right shift is signed */
|   }
|   /* see if unsigned-shift hack will fix it. */
|   /* we can't just test exact value since it depends on width of long... */
|   res |= (~0L) << (32-4);
|   if (res == -0x7F7E80CL) {	/* expected result now? */
|     return 0;			/* right shift is unsigned */
|   }
|   printf("Right shift isn't acting as I expect it to.\n");
|   printf("I fear the JPEG software will not work at all.\n\n");
|   return 0;			/* try it with unsigned anyway */
| }
| int main() {
|   exit(is_shifting_signed(-0x7F7E80B1L));
| }
configure:6065: result: yes
configure:6075: checking to see if fopen accepts b spec
configure:6095: gcc -o conftest -O3 -O3  conftest.c  >&5
configure:6095: $? = 0
configure:6095: ./conftest
configure:6095: $? = 0
configure:6097: result: yes
configure:6161: checking how to print strings
configure:6188: result: printf
configure:6209: checking for a sed that does not truncate output
configure:6281: result: /usr/bin/sed
configure:6299: checking for fgrep
configure:6369: result: /usr/bin/grep -F
configure:6406: checking for ld used by gcc
configure:6475: result: /usr/bin/ld
configure:6482: checking if the linker (/usr/bin/ld) is GNU ld
configure:6499: result: yes
configure:6511: checking for BSD- or MS-compatible name lister (nm)
configure:6567: result: /usr/bin/nm -B
configure:6709: checking the name lister (/usr/bin/nm -B) interface
configure:6717: gcc -c -O3 -O3 conftest.c >&5
configure:6720: /usr/bin/nm -B "conftest.o"
configure:6723: output
0000000000000000 B some_variable
configure:6731: result: BSD nm
configure:6735: checking the maximum length of command line arguments
configure:6868: result: 1572864
configure:6916: checking how to convert x86_64-pc-linux-gnu file names to x86_64-pc-linux-gnu format
configure:6958: result: func_convert_file_noop
configure:6965: checking how to convert x86_64-pc-linux-gnu file names to toolchain format
configure:6987: result: func_convert_file_noop
configure:6994: checking for /usr/bin/ld option to reload object files
configure:7003: result: -r
configure:7083: checking for file
configure:7104: found /usr/bin/file
configure:7116: result: file
configure:7193: checking for objdump
configure:7214: found /usr/bin/objdump
configure:7226: result: objdump
configure:7255: checking how to recognize dependent libraries
configure:7457: result: pass_all
configure:7548: checking for dlltool
configure:7584: result: no
configure:7611: checking how to associate runtime and link libraries
configure:7640: result: printf %s\n
configure:7792: checking for archiver @FILE support
configure:7810: gcc -c -O3 -O3 conftest.c >&5
configure:7810: $? = 0
configure:7814: ar cr libconftest.a @conftest.lst >&5
configure:7817: $? = 0
configure:7822: ar cr libconftest.a @conftest.lst >&5
ar: conftest.o: No such file or directory
configure:7825: $? = 1
configure:7838: result: @
configure:7902: checking for strip
configure:7923: found /usr/bin/strip
configure:7935: result: strip
configure:8013: checking for ranlib
configure:8034: found /usr/bin/ranlib
configure:8046: result: ranlib
configure:8148: checking command to parse /usr/bin/nm -B output from gcc object
configure:8302: gcc -c -O3 -O3 conftest.c >&5
configure:8305: $? = 0
configure:8309: /usr/bin/nm -B conftest.o \| /usr/bin/sed -n -e 's/^.*[ ]\([ABCDGIRSTW][ABCDGIRSTW]*\)[ ][ ]*\([_A-Za-z][_A-Za-z0-9]*\)$/\1 \2 \2/p' | /usr/bin/sed '/ __gnu_lto/d' \> conftest.nm
configure:8312: $? = 0
configure:8378: gcc -o conftest -O3 -O3  conftest.c conftstm.o >&5
configure:8381: $? = 0
configure:8420: result: ok
configure:8467: checking for sysroot
configure:8499: result: no
configure:8506: checking for a working dd
configure:8551: result: /usr/bin/dd
configure:8555: checking how to truncate binary pipes
configure:8572: result: /usr/bin/dd bs=4096 count=1
configure:8709: gcc -c -O3 -O3 conftest.c >&5
configure:8712: $? = 0
configure:8912: checking for mt
configure:8933: found /usr/bin/mt
configure:8945: result: mt
configure:8968: checking if mt is a manifest tool
configure:8975: mt '-?'
configure:8984: result: no
configure:9678: checking for dlfcn.h
configure:9678: gcc -c -O3 -O3 conftest.c >&5
configure:9678: $? = 0
configure:9678: result: yes
configure:10277: checking for objdir
configure:10294: result: .libs
configure:10556: checking if gcc supports -fno-rtti -fno-exceptions
configure:10575: gcc -c -O3 -O3 -fno-rtti -fno-exceptions conftest.c >&5
cc1: warning: command-line option '-fno-rtti' is valid for C++/D/ObjC++ but not for C
configure:10579: $? = 0
configure:10593: result: no
configure:10951: checking for gcc option to produce PIC
configure:10960: result: -fPIC -DPIC
configure:10968: checking if gcc PIC flag -fPIC -DPIC works
configure:10987: gcc -c -O3 -O3 -fPIC -DPIC -DPIC conftest.c >&5
configure:10991: $? = 0
configure:11005: result: yes
configure:11034: checking if gcc static flag -static works
configure:11064: result: yes
configure:11079: checking if gcc supports -c -o file.o
configure:11101: gcc -c -O3 -O3 -o out/conftest2.o conftest.c >&5
configure:11105: $? = 0
configure:11128: result: yes
configure:11136: checking if gcc supports -c -o file.o
configure:11185: result: yes
configure:11218: checking whether the gcc linker (/usr/bin/ld -m elf_x86_64) supports shared libraries
configure:12490: result: yes
configure:12732: checking dynamic linker characteristics
configure:13314: gcc -o conftest -O3 -O3  -Wl,-rpath -Wl,/foo conftest.c  >&5
configure:13314: $? = 0
configure:13554: result: GNU/Linux ld.so
configure:13676: checking how to hardcode library paths into programs
configure:13701: result: immediate
configure:14301: checking whether stripping libraries is possible
configure:14310: result: yes
configure:14352: checking if libtool supports shared libraries
configure:14354: result: yes
configure:14357: checking whether to build shared libraries
configure:14382: result: no
configure:14385: checking whether to build static libraries
configure:14389: result: yes
configure:14511: checking libjpeg version number
configure:14521: result: 9.6.0
configure:14627: checking that generated files are newer than configure
configure:14633: result: done
configure:14664: creating ./config.status

## ---------------------- ##
## Running config.status. ##
## ---------------------- ##

This file was extended by libjpeg config.status 9.6.0, which was
generated by GNU Autoconf 2.72.  Invocation command line was

  CONFIG_FILES    = 
  CONFIG_HEADERS  = 
  CONFIG_LINKS    = 
  CONFIG_COMMANDS = 
  $ ./config.status 

on stepan

config.status:1109: creating Makefile
config.status:1109: creating libjpeg.pc
config.status:1109: creating jconfig.h
config.status:1323: executing depfiles commands
config.status:1400: cd .       && sed -e '/# am--include-marker/d' Makefile         | make -f - am--depfiles
config.status:1405: $? = 0
config.status:1323: executing libtool commands

## ---------------- ##
## Cache variables. ##
## ---------------- ##

ac_cv_build=x86_64-pc-linux-gnu
ac_cv_c_compiler_gnu=yes
ac_cv_c_const=yes
ac_cv_env_CC_set=
ac_cv_env_CC_value=
ac_cv_env_CFLAGS_set=set
ac_cv_env_CFLAGS_value=-O3
ac_cv_env_CPPFLAGS_set=set
ac_cv_env_CPPFLAGS_value=-O3
ac_cv_env_CPP_set=
ac_cv_env_CPP_value=
ac_cv_env_LDFLAGS_set=
ac_cv_env_LDFLAGS_value=
ac_cv_env_LIBS_set=
ac_cv_env_LIBS_value=
ac_cv_env_LT_SYS_LIBRARY_PATH_set=
ac_cv_env_LT_SYS_LIBRARY_PATH_value=
ac_cv_env_build_alias_set=
ac_cv_env_build_alias_value=
ac_cv_env_host_alias_set=
ac_cv_env_host_alias_value=
ac_cv_env_target_alias_set=
ac_cv_env_target_alias_value=
ac_cv_header_dlfcn_h=yes
ac_cv_header_inttypes_h=yes
ac_cv_header_locale_h=yes
ac_cv_header_stddef_h=yes
ac_cv_header_stdint_h=yes
ac_cv_header_stdio_h=yes
ac_cv_header_stdlib_h=yes
ac_cv_header_string_h=yes
ac_cv_header_strings_h=yes
ac_cv_header_sys_stat_h=yes
ac_cv_header_sys_types_h=yes
ac_cv_header_unistd_h=yes
ac_cv_host=x86_64-pc-linux-gnu
ac_cv_objext=o
ac_cv_path_EGREP='/usr/bin/grep -E'
ac_cv_path_EGREP_TRADITIONAL='/usr/bin/grep -E'
ac_cv_path_FGREP='/usr/bin/grep -F'
ac_cv_path_GREP=/usr/bin/grep
ac_cv_path_SED=/usr/bin/sed
ac_cv_path_install='/usr/bin/install -c'
ac_cv_path_lt_DD=/usr/bin/dd
ac_cv_path_mkdir=/usr/bin/mkdir
ac_cv_prog_AWK=gawk
ac_cv_prog_CPP='gcc -E'
ac_cv_prog_ac_ct_AR=ar
ac_cv_prog_ac_ct_CC=gcc
ac_cv_prog_ac_ct_FILECMD=file
ac_cv_prog_ac_ct_MANIFEST_TOOL=mt
ac_cv_prog_ac_ct_OBJDUMP=objdump
ac_cv_prog_ac_ct_RANLIB=ranlib
ac_cv_prog_ac_ct_STRIP=strip
ac_cv_prog_cc_c11=
ac_cv_prog_cc_g=yes
ac_cv_prog_cc_stdc=
ac_cv_prog_make_make_set=yes
ac_cv_target=x86_64-pc-linux-gnu
am_cv_CC_dependencies_compiler_type=gcc3
am_cv_ar_interface=ar
am_cv_make_support_nested_variables=yes
am_cv_prog_cc_c_o=yes
ijg_cv_have_prototypes=yes
ijg_cv_inline=__inline__
lt_cv_ar_at_file=@
lt_cv_deplibs_check_method=pass_all
lt_cv_file_magic_cmd='$MAGIC_CMD'
lt_cv_file_magic_test_file=
lt_cv_ld_reload_flag=-r
lt_cv_nm_interface='BSD nm'
lt_cv_objdir=.libs
lt_cv_path_LD=/usr/bin/ld
lt_cv_path_NM='/usr/bin/nm -B'
lt_cv_path_mainfest_tool=no
lt_cv_prog_compiler_c_o=yes
lt_cv_prog_compiler_pic='-fPIC -DPIC'
lt_cv_prog_compiler_pic_works=yes
lt_cv_prog_compiler_rtti_exceptions=no
lt_cv_prog_compiler_static_works=yes
lt_cv_prog_gnu_ld=yes
lt_cv_sharedlib_from_linklib_cmd='printf %s\n'
lt_cv_shlibpath_overrides_runpath=yes
lt_cv_sys_global_symbol_pipe='/usr/bin/sed -n -e '\''s/^.*[	 ]\([ABCDGIRSTW][ABCDGIRSTW]*\)[	 ][	 ]*\([_A-Za-z][_A-Za-z0-9]*\)$/\1 \2 \2/p'\'' | /usr/bin/sed '\''/ __gnu_lto/d'\'''
lt_cv_sys_global_symbol_to_c_name_address='/usr/bin/sed -n -e '\''s/^: \(.*\) .*$/  {"\1", (void *) 0},/p'\'' -e '\''s/^[ABCDGIRSTW][ABCDGIRSTW]* .* \(.*\)$/  {"\1", (void *) \&\1},/p'\'''
lt_cv_sys_global_symbol_to_c_name_address_lib_prefix='/usr/bin/sed -n -e '\''s/^: \(.*\) .*$/  {"\1", (void *) 0},/p'\'' -e '\''s/^[ABCDGIRSTW][ABCDGIRSTW]* .* \(lib.*\)$/  {"\1", (void *) \&\1},/p'\'' -e '\''s/^[ABCDGIRSTW][ABCDGIRSTW]* .* \(.*\)$/  {"lib\1", (void *) \&\1},/p'\'''
lt_cv_sys_global_symbol_to_cdecl='/usr/bin/sed -n -e '\''s/^T .* \(.*\)$/extern int \1();/p'\'' -e '\''s/^[ABCDGIRSTW][ABCDGIRSTW]* .* \(.*\)$/extern char \1;/p'\'''
lt_cv_sys_global_symbol_to_import=
lt_cv_sys_max_cmd_len=1572864
lt_cv_to_host_file_cmd=func_convert_file_noop
lt_cv_to_tool_file_cmd=func_convert_file_noop
lt_cv_truncate_bin='/usr/bin/dd bs=4096 count=1'

## ----------------- ##
## Output variables. ##
## ----------------- ##

ACLOCAL='${SHELL} '\''/media/veracrypt1/green/sprint15/tems2_3lesson9_11/jpegsrc.v9f/jpeg-9f/missing'\'' aclocal-1.16'
AMDEPBACKSLASH='\'
AMDEP_FALSE='#'
AMDEP_TRUE=''
AMTAR='$${TAR-tar}'
AM_BACKSLASH='\'
AM_DEFAULT_V='$(AM_DEFAULT_VERBOSITY)'
AM_DEFAULT_VERBOSITY='0'
AM_V='$(V)'
AR='ar'
AS='as'
AUTOCONF='${SHELL} '\''/media/veracrypt1/green/sprint15/tems2_3lesson9_11/jpegsrc.v9f/jpeg-9f/missing'\'' autoconf'
AUTOHEADER='echo autoheader ignored'
AUTOMAKE='${SHELL} '\''/media/veracrypt1/green/sprint15/tems2_3lesson9_11/jpegsrc.v9f/jpeg-9f/missing'\'' automake-1.16'
AWK='gawk'
CC='gcc'
CCDEPMODE='depmode=gcc3'
CFLAGS='-O3'
CPP='gcc -E'
CPPFLAGS='-O3'
CSCOPE='cscope'
CTAGS='ctags'
CYGPATH_W='echo'
DEFS='-DHAVE_CONFIG_H'
DEPDIR='.deps'
DLLTOOL='false'
DSYMUTIL=''
DUMPBIN=''
ECHO_C=''
ECHO_N='-n'
ECHO_T=''
EGREP='/usr/bin/grep -E'
ETAGS='etags'
EXEEXT=''
FGREP='/usr/bin/grep -F'
FILECMD='file'
GREP='/usr/bin/grep'
HAVE_LD_VERSION_SCRIPT_FALSE='#'
HAVE_LD_VERSION_SCRIPT_TRUE=''
INSTALL_DATA='${INSTALL} -m 644'
INSTALL_PROGRAM='${INSTALL}'
INSTALL_SCRIPT='${INSTALL}'
INSTALL_STRIP_PROGRAM='$(install_sh) -c -s'
JPEG_LIB_VERSION='15:0:6'
JPEG_LIB_VERSION_MAJOR='9'
JPEG_LIB_VERSION_MINOR='6'
LD='/usr/bin/ld -m elf_x86_64'
LDFLAGS=''
LIBOBJS=''
LIBS=''
LIBTOOL='$(SHELL) $(top_builddir)/libtool'
LIPO=''
LN_S='cp -pR'
LTLIBOBJS=''
LT_SYS_LIBRARY_PATH=''
MAINT='#'
MAINTAINER_MODE_FALSE=''
MAINTAINER_MODE_TRUE='#'
MAKEINFO='${SHELL} '\''/media/veracrypt1/green/sprint15/tems2_3lesson9_11/jpegsrc.v9f/jpeg-9f/missing'\'' makeinfo'
MANIFEST_TOOL=':'
MEMORYMGR='jmemnobs'
MKDIR_P='/usr/bin/mkdir -p'
NM='/usr/bin/nm -B'
NMEDIT=''
OBJDUMP='objdump'
OBJEXT='o'
OTOOL64=''
OTOOL=''
PACKAGE='libjpeg'
PACKAGE_BUGREPORT=''
PACKAGE_NAME='libjpeg'
PACKAGE_STRING='libjpeg 9.6.0'
PACKAGE_TARNAME='libjpeg'
PACKAGE_URL=''
PACKAGE_VERSION='9.6.0'
PATH_SEPARATOR=':'
RANLIB='ranlib'
SED='/usr/bin/sed'
SET_MAKE=''
SHELL='/bin/bash'
STRIP='strip'
VERSION='9.6.0'
ac_ct_AR='ar'
ac_ct_CC='gcc'
ac_ct_DUMPBIN=''
am__EXEEXT_FALSE=''
am__EXEEXT_TRUE='#'
am__fastdepCC_FALSE='#'
am__fastdepCC_TRUE=''
am__include='include'
am__isrc=' -I$(srcdir)'
am__leading_dot='.'
am__nodep='_no'
am__quote=''
am__tar='$${TAR-tar} chof - "$$tardir"'
am__untar='$${TAR-tar} xf -'
bindir='${exec_prefix}/bin'
build='x86_64-pc-linux-gnu'
build_alias=''
build_cpu='x86_64'
build_os='linux-gnu'
build_vendor='pc'
datadir='${datarootdir}'
datarootdir='${prefix}/share'
docdir='${datarootdir}/doc/${PACKAGE_TARNAME}'
dvidir='${docdir}'
exec_prefix='${prefix}'
host='x86_64-pc-linux-gnu'
host_alias=''
host_cpu='x86_64'
host_os='linux-gnu'
host_vendor='pc'
htmldir='${docdir}'
includedir='${prefix}/include'
infodir='${datarootdir}/info'
install_sh='${SHELL} /media/veracrypt1/green/sprint15/tems2_3lesson9_11/jpegsrc.v9f/jpeg-9f/install-sh'
libdir='${exec_prefix}/lib'
libexecdir='${exec_prefix}/libexec'
localedir='${datarootdir}/locale'
localstatedir='${prefix}/var'
mandir='${datarootdir}/man'
mkdir_p='$(MKDIR_P)'
oldincludedir='/usr/include'
pdfdir='${docdir}'
prefix='/usr/local'
program_transform_name='s,x,x,'
psdir='${docdir}'
runstatedir='${localstatedir}/run'
sbindir='${exec_prefix}/sbin'
sharedstatedir='${prefix}/com'
sysconfdir='${prefix}/etc'
target='x86_64-pc-linux-gnu'
target_alias=''
target_cpu='x86_64'
target_os='linux-gnu'
target_vendor='pc'

## ----------- ##
## confdefs.h. ##
## ----------- ##

/* confdefs.h */
#define PACKAGE_NAME "libjpeg"
#define PACKAGE_TARNAME "libjpeg"
#define PACKAGE_VERSION "9.6.0"
#define PACKAGE_STRING "libjpeg 9.6.0"
#define PACKAGE_BUGREPORT ""
#define PACKAGE_URL ""
#define PACKAGE "libjpeg"
#define VERSION "9.6.0"
#define HAVE_PROTOTYPES 1
#define HAVE_STDIO_H 1
#define HAVE_STDLIB_H 1
#define HAVE_STRING_H 1
#define HAVE_INTTYPES_H 1
#define HAVE_STDINT_H 1
#define HAVE_STRINGS_H 1
#define HAVE_SYS_STAT_H 1
#define HAVE_SYS_TYPES_H 1
#define HAVE_UNISTD_H 1
#define STDC_HEADERS 1
#define HAVE_STDDEF_H 1
#define HAVE_STDLIB_H 1
#define HAVE_LOCALE_H 1
#define HAVE_UNSIGNED_CHAR 1
#define HAVE_UNSIGNED_SHORT 1
#define INLINE __inline__
#define HAVE_DLFCN_H 1
#define LT_OBJDIR ".libs/"

configure: exit 0
